------------------------------------------------------------
TimeQuest Timing Analyzer Summary
------------------------------------------------------------

Type  : Slow 1200mV 85C Model Setup 'clk'
Slack : -2.011
TNS   : -36.157

Type  : Slow 1200mV 85C Model Hold 'clk'
Slack : 0.402
TNS   : 0.000

Type  : Slow 1200mV 85C Model Recovery 'clk'
Slack : -0.822
TNS   : -2.867

Type  : Slow 1200mV 85C Model Removal 'clk'
Slack : 0.924
TNS   : 0.000

Type  : Slow 1200mV 85C Model Minimum Pulse Width 'clk'
Slack : -3.000
TNS   : -35.125

Type  : Slow 1200mV 0C Model Setup 'clk'
Slack : -1.727
TNS   : -30.241

Type  : Slow 1200mV 0C Model Hold 'clk'
Slack : 0.354
TNS   : 0.000

Type  : Slow 1200mV 0C Model Recovery 'clk'
Slack : -0.644
TNS   : -1.969

Type  : Slow 1200mV 0C Model Removal 'clk'
Slack : 0.829
TNS   : 0.000

Type  : Slow 1200mV 0C Model Minimum Pulse Width 'clk'
Slack : -3.000
TNS   : -35.125

Type  : Fast 1200mV 0C Model Setup 'clk'
Slack : -0.475
TNS   : -5.424

Type  : Fast 1200mV 0C Model Hold 'clk'
Slack : 0.181
TNS   : 0.000

Type  : Fast 1200mV 0C Model Recovery 'clk'
Slack : 0.109
TNS   : 0.000

Type  : Fast 1200mV 0C Model Removal 'clk'
Slack : 0.450
TNS   : 0.000

Type  : Fast 1200mV 0C Model Minimum Pulse Width 'clk'
Slack : -3.000
TNS   : -29.653

------------------------------------------------------------
