------------------------------------------------------------
TimeQuest Timing Analyzer Summary
------------------------------------------------------------

Type  : Slow 1200mV 85C Model Setup 'clk'
Slack : -1.825
TNS   : -38.187

Type  : Slow 1200mV 85C Model Hold 'clk'
Slack : 0.403
TNS   : 0.000

Type  : Slow 1200mV 85C Model Recovery 'clk'
Slack : -0.951
TNS   : -3.636

Type  : Slow 1200mV 85C Model Removal 'clk'
Slack : 0.919
TNS   : 0.000

Type  : Slow 1200mV 85C Model Minimum Pulse Width 'clk'
Slack : -3.000
TNS   : -41.550

Type  : Slow 1200mV 0C Model Setup 'clk'
Slack : -1.561
TNS   : -31.894

Type  : Slow 1200mV 0C Model Hold 'clk'
Slack : 0.355
TNS   : 0.000

Type  : Slow 1200mV 0C Model Recovery 'clk'
Slack : -0.765
TNS   : -2.685

Type  : Slow 1200mV 0C Model Removal 'clk'
Slack : 0.828
TNS   : 0.000

Type  : Slow 1200mV 0C Model Minimum Pulse Width 'clk'
Slack : -3.000
TNS   : -41.550

Type  : Fast 1200mV 0C Model Setup 'clk'
Slack : -0.387
TNS   : -5.590

Type  : Fast 1200mV 0C Model Hold 'clk'
Slack : 0.182
TNS   : 0.000

Type  : Fast 1200mV 0C Model Recovery 'clk'
Slack : 0.048
TNS   : 0.000

Type  : Fast 1200mV 0C Model Removal 'clk'
Slack : 0.450
TNS   : 0.000

Type  : Fast 1200mV 0C Model Minimum Pulse Width 'clk'
Slack : -3.000
TNS   : -34.988

------------------------------------------------------------
